[2026-07-24 13:11:21,687] INFO - data_ingestion_pipeline_started
[2026-07-24 13:11:21,687] INFO - Reading The Dataset
[2026-07-24 13:11:21,704] INFO - Splitting The Dataset
[2026-07-24 13:11:21,706] INFO - Saving train and test datasets
[2026-07-24 13:11:21,734] INFO - Data Ingestion Completed
[2026-07-24 13:11:21,735] INFO - data_ingestion_pipeline_completed
[2026-07-24 13:11:21,735] INFO - data_validation_pipeline_started
[2026-07-24 13:11:21,735] INFO - Data_validation_started
[2026-07-24 13:11:21,780] INFO - Checking Validation
[2026-07-24 13:11:21,781] INFO - Validation status: True
[2026-07-24 13:11:21,781] INFO - Validation_completed
[2026-07-24 13:11:21,781] INFO - data_validation_pipeline_completed
[2026-07-24 13:11:21,781] INFO - data_Transformation_pipeline_started
[2026-07-24 13:11:21,908] INFO - data_transformation_pipeline_completed
[2026-07-24 13:11:21,908] INFO - Model_trainer_pipeline_started
[2026-07-24 13:11:21,909] INFO - Model training started.
[2026-07-24 13:11:21,990] INFO - Accuracy Score: 0.8217329545454546
[2026-07-24 13:11:21,990] INFO - Precision Score: 0.6871165644171779
[2026-07-24 13:11:21,990] INFO - Recall Score: 0.6005361930294906
[2026-07-24 13:11:21,990] INFO - F1 Score: 0.6409155937052933
[2026-07-24 13:11:21,992] INFO - Trained model saved successfully.
[2026-07-24 13:11:21,993] INFO - Model_trainer_pipeline_completed
