[2026-07-27 00:57:01,178] INFO - data_ingestion_pipeline_started
[2026-07-27 00:57:01,179] INFO - Reading The Dataset
[2026-07-27 00:57:01,198] INFO - Splitting The Dataset
[2026-07-27 00:57:01,202] INFO - Saving train and test datasets
[2026-07-27 00:57:01,233] INFO - Data Ingestion Completed
[2026-07-27 00:57:01,234] INFO - data_ingestion_pipeline_completed
[2026-07-27 00:57:01,234] INFO - data_validation_pipeline_started
[2026-07-27 00:57:01,234] INFO - Data_validation_started
[2026-07-27 00:57:01,282] INFO - Checking Validation
[2026-07-27 00:57:01,283] INFO - Validation status: True
[2026-07-27 00:57:01,283] INFO - Validation_completed
[2026-07-27 00:57:01,284] INFO - data_validation_pipeline_completed
[2026-07-27 00:57:01,284] INFO - data_Transformation_pipeline_started
[2026-07-27 00:57:01,284] INFO - Data Transformation Started
[2026-07-27 00:57:01,284] INFO - Reading Training And Testing Data
[2026-07-27 00:57:01,308] INFO - Cleaning Training And Testing Data
[2026-07-27 00:57:01,410] INFO - Preprocessing Started
[2026-07-27 00:57:01,491] INFO - Preprocessing Completed
[2026-07-27 00:57:01,491] INFO - Saving Preprocessor.pkl
[2026-07-27 00:57:01,496] INFO - data_transformation_pipeline_completed
[2026-07-27 00:57:01,496] INFO - Model_trainer_pipeline_started
[2026-07-27 00:57:01,497] INFO - Model training started.
[2026-07-27 00:57:04,236] INFO - Accuracy Score: 0.8217329545454546
[2026-07-27 00:57:04,237] INFO - Precision Score: 0.6871165644171779
[2026-07-27 00:57:04,237] INFO - Recall Score: 0.6005361930294906
[2026-07-27 00:57:04,237] INFO - F1 Score: 0.6409155937052933
[2026-07-27 00:57:17,479] INFO - Trained model saved successfully.
[2026-07-27 00:57:17,487] INFO - Model_trainer_pipeline_completed
